OpenJDK 64-Bit Server VM (25.412-b08) for linux-ppc64le JRE (1.8.0_412-b08), built on Apr 18 2024 00:00:00 by "mockbuild" with gcc 11.4.1 20230605 (Red Hat 11.4.1-2)
Memory: 64k page, physical 263743808k(93718016k free), swap 4194240k(4177728k free)
CommandLine flags: -XX:+IgnoreUnrecognizedVMOptions -XX:InitialHeapSize=67108864 -XX:MaxHeapSize=17179869184 -XX:+PrintGC -XX:+PrintGCTimeStamps -XX:+UseCompressedClassPointers -XX:+UseCompressedOops -XX:+UseParallelGC 
0.309: [GC (Allocation Failure)  16384K->4059K(62976K), 0.0119379 secs]
0.572: [GC (Allocation Failure)  20443K->4879K(79360K), 0.0127704 secs]
0.961: [GC (Allocation Failure)  37647K->7396K(79360K), 0.0235725 secs]
1.326: [GC (Allocation Failure)  40164K->11369K(112128K), 0.0093469 secs]
1.708: [GC (Metadata GC Threshold)  49422K->14210K(112128K), 0.0109414 secs]
1.719: [Full GC (Metadata GC Threshold)  14210K->9633K(103936K), 0.0270363 secs]
2.470: [GC (Allocation Failure)  75169K->16319K(152576K), 0.0058446 secs]
3.017: [GC (Allocation Failure)  125887K->21996K(173568K), 0.0066375 secs]
3.178: [GC (Metadata GC Threshold)  67154K->24750K(224768K), 0.0063609 secs]
3.184: [Full GC (Metadata GC Threshold)  24750K->13763K(240128K), 0.0440859 secs]
4.316: [GC (Allocation Failure)  191427K->30895K(241152K), 0.0101604 secs]
5.158: [GC (Metadata GC Threshold)  134020K->32391K(294400K), 0.0073420 secs]
5.165: [Full GC (Metadata GC Threshold)  32391K->24246K(317952K), 0.1570257 secs]
41.807: [GC (Allocation Failure)  253110K->39431K(321024K), 0.0126933 secs]
59.495: [GC (Allocation Failure)  268247K->211347K(444928K), 0.0221951 secs]
59.518: [Full GC (Ergonomics)  211347K->161073K(513024K), 0.0425392 secs]
66.586: [GC (Allocation Failure)  497299K->624827K(982016K), 0.0413873 secs]
66.627: [Full GC (Ergonomics)  624827K->226766K(755712K), 0.0433998 secs]
66.739: [GC (Allocation Failure)  429003K->514701K(704000K), 0.0106840 secs]
66.750: [Full GC (Ergonomics)  514701K->428833K(983040K), 0.0497111 secs]
67.710: [Full GC (Ergonomics)  1112409K->703928K(1283072K), 0.0479942 secs]
67.815: [Full GC (Ergonomics)  1117005K->979846K(1593856K), 0.0451812 secs]
67.891: [GC (Allocation Failure)  1123718K->1124758K(1683456K), 0.0079281 secs]
67.930: [GC (Allocation Failure)  1268582K->1305798K(1631232K), 0.0124203 secs]
67.959: [GC (Allocation Failure)  1376914K->1425753K(1714176K), 0.0108186 secs]
67.993: [Full GC (Ergonomics)  1631874K->1135516K(1889792K), 0.0559750 secs]
68.074: [GC (Allocation Failure)  1341626K->1344615K(1918976K), 0.0073845 secs]
68.104: [GC (Allocation Failure)  1427527K->1431625K(1937408K), 0.0091423 secs]
68.134: [GC (Allocation Failure)  1514510K->1505184K(1926144K), 0.0102464 secs]
68.172: [GC (Allocation Failure)  1578365K->1624469K(1951232K), 0.0120255 secs]
68.228: [Full GC (Ergonomics)  1832085K->1109621K(1918976K), 0.0562295 secs]
68.343: [GC (Allocation Failure)  1316521K->1315906K(1964032K), 0.0064431 secs]
68.383: [GC (Allocation Failure)  1402443K->1405697K(1978880K), 0.0076312 secs]
68.426: [GC (Allocation Failure)  1492667K->1620673K(1916416K), 0.0117772 secs]
68.451: [GC (Allocation Failure)  1661629K->1561492K(1978880K), 0.0112513 secs]
77.227: [GC (Allocation Failure)  1602452K->1434532K(1960960K), 0.0089929 secs]
160.980: [Full GC (Ergonomics)  1708883K->162277K(998400K), 0.0504812 secs]
161.052: [GC (Allocation Failure)  208374K->208549K(1025024K), 0.0060932 secs]
161.076: [GC (Allocation Failure)  255168K->254982K(1001472K), 0.0050589 secs]
161.141: [GC (Allocation Failure)  309766K->301547K(734720K), 0.0073882 secs]
161.187: [GC (Allocation Failure)  356331K->338324K(967168K), 0.0102451 secs]
161.241: [GC (Allocation Failure)  401812K->366292K(984064K), 0.0102353 secs]
161.297: [GC (Allocation Failure)  429780K->462310K(960000K), 0.0159678 secs]
161.344: [GC (Allocation Failure)  506854K->421228K(732672K), 0.0131315 secs]
161.389: [GC (Allocation Failure)  465772K->449221K(958464K), 0.0211041 secs]
161.446: [GC (Allocation Failure)  500933K->478445K(968192K), 0.0449190 secs]
161.491: [Full GC (Ergonomics)  478445K->437241K(1268224K), 0.3187807 secs]
161.844: [GC (Allocation Failure)  488953K->466201K(1269760K), 0.0138940 secs]
174.074: [GC (Allocation Failure)  792809K->762153K(1271296K), 0.0384214 secs]
174.113: [Full GC (Ergonomics)  762153K->393002K(1239552K), 0.3717413 secs]
174.523: [GC (Allocation Failure)  450995K->449675K(1223680K), 0.0103173 secs]
174.582: [GC (Allocation Failure)  649544K->647598K(994816K), 0.0200280 secs]
174.650: [GC (Allocation Failure)  846949K->864913K(1212416K), 0.0201187 secs]
174.689: [GC (Allocation Failure) -- 931874K->1128981K(1284608K), 0.0254972 secs]
174.714: [Full GC (Ergonomics)  1128981K->744701K(1580032K), 0.3497618 secs]
175.092: [GC (Allocation Failure)  945580K->939523K(1304576K), 0.0061581 secs]
175.155: [Full GC (Ergonomics)  1274772K->1116828K(1712128K), 0.3490697 secs]
175.518: [GC (Allocation Failure)  1318247K->1304088K(1971200K), 0.0080863 secs]
175.550: [GC (Allocation Failure)  1375768K->1359014K(1763328K), 0.0110827 secs]
175.570: [GC (Allocation Failure)  1430694K->1415725K(1969152K), 0.0173944 secs]
175.598: [GC (Allocation Failure)  1494295K->1480206K(1969152K), 0.0120203 secs]
175.621: [GC (Allocation Failure)  1559054K->1567427K(1950720K), 0.0189637 secs]
175.646: [GC (Allocation Failure)  1606851K->1578297K(1998848K), 0.0191394 secs]
175.671: [GC (Allocation Failure)  1617721K->1656140K(2039808K), 0.0172503 secs]
175.694: [GC (Allocation Failure)  1692907K->1710008K(1773056K), 0.0234962 secs]
175.718: [Full GC (Ergonomics)  1710008K->1486037K(2234368K), 0.3533856 secs]
176.081: [GC (Allocation Failure)  1523413K->1509330K(2490880K), 0.0067784 secs]
176.099: [GC (Allocation Failure)  1549778K->1529668K(2129408K), 0.0091329 secs]
176.118: [GC (Allocation Failure)  1570116K->1549750K(2471424K), 0.0101679 secs]
176.139: [GC (Allocation Failure)  1594806K->1574117K(2155520K), 0.0131886 secs]
176.164: [GC (Allocation Failure)  1619173K->1598779K(2446848K), 0.0151997 secs]
176.191: [GC (Allocation Failure)  1648955K->1627328K(2145280K), 0.0145724 secs]
176.218: [GC (Allocation Failure)  1677504K->1655112K(2438656K), 0.0187359 secs]
176.251: [GC (Allocation Failure)  1710920K->1685712K(2130944K), 0.0134176 secs]
176.278: [GC (Allocation Failure)  1741520K->1715504K(2420736K), 0.0135240 secs]
176.307: [GC (Allocation Failure)  1777456K->1748544K(2139136K), 0.0147680 secs]
176.337: [GC (Allocation Failure)  1810496K->1781792K(2399744K), 0.0141213 secs]
176.368: [GC (Allocation Failure)  1850400K->1819160K(2150400K), 0.0157675 secs]
176.400: [GC (Allocation Failure)  1887768K->1856472K(2378752K), 0.0180981 secs]
176.436: [GC (Allocation Failure)  1932248K->1898312K(2161664K), 0.0129634 secs]
176.467: [GC (Allocation Failure)  1974088K->1939008K(2359808K), 0.0172419 secs]
176.504: [GC (Allocation Failure)  2022976K->1984520K(2172416K), 0.0180956 secs]
176.541: [GC (Allocation Failure)  2068488K->2030536K(2342400K), 0.0164863 secs]
176.557: [Full GC (Ergonomics)  2030536K->1982392K(2799616K), 0.3965599 secs]
176.971: [GC (Allocation Failure)  2075064K->2030232K(2642944K), 0.0096939 secs]
176.999: [GC (Allocation Failure)  2122904K->2076680K(2804224K), 0.0170021 secs]
177.040: [GC (Allocation Failure)  2178056K->2127560K(2806272K), 0.0257471 secs]
177.090: [GC (Allocation Failure)  2228936K->2179784K(2800640K), 0.0362973 secs]
177.154: [GC (Allocation Failure)  2393665K->2358281K(2832384K), 0.0321607 secs]
177.206: [GC (Allocation Failure)  2572161K->2535217K(2848256K), 0.0269331 secs]
177.254: [GC (Allocation Failure)  2607921K->2574801K(2864128K), 0.0412247 secs]
177.295: [Full GC (Ergonomics)  2574801K->2283050K(3218944K), 0.4122191 secs]
177.718: [GC (Allocation Failure)  2355754K->2333547K(3215872K), 0.0077555 secs]
177.738: [GC (Allocation Failure)  2413419K->2389163K(3043328K), 0.0118196 secs]
177.763: [GC (Allocation Failure)  2468954K->2446508K(3209728K), 0.0186270 secs]
177.797: [GC (Allocation Failure)  2529452K->2548639K(3214848K), 0.0239642 secs]
177.845: [GC (Allocation Failure)  2631583K->2561186K(3226624K), 0.0302349 secs]
177.893: [GC (Allocation Failure)  2615458K->2706216K(3264000K), 0.0323352 secs]
177.943: [GC (Allocation Failure)  2760488K->2654351K(3278336K), 0.0274474 secs]
178.007: [Full GC (Ergonomics)  2983015K->622973K(1696768K), 0.1032917 secs]
178.151: [GC (Allocation Failure)  683901K->670301K(1720320K), 0.0104204 secs]
178.175: [GC (Allocation Failure)  731229K->721566K(1696768K), 0.0167611 secs]
178.206: [GC (Allocation Failure)  788753K->778727K(1452032K), 0.0240249 secs]
178.252: [GC (Allocation Failure)  846311K->824629K(1693184K), 0.0208637 secs]
178.299: [GC (Allocation Failure)  899893K->866377K(1697792K), 0.0174653 secs]
178.343: [GC (Allocation Failure)  941641K->907193K(1686016K), 0.0246032 secs]
178.397: [GC (Allocation Failure)  990649K->952425K(1402880K), 0.0243679 secs]
178.451: [GC (Allocation Failure)  1035881K->996873K(1670656K), 0.0271592 secs]
178.510: [GC (Allocation Failure)  1089545K->1048993K(1418752K), 0.0227924 secs]
178.565: [GC (Allocation Failure)  1141665K->1098561K(1654784K), 0.0225388 secs]
178.622: [GC (Allocation Failure)  1201473K->1152345K(1429504K), 0.0298611 secs]
178.696: [GC (GCLocker Initiated GC)  1255271K->1203731K(1640960K), 0.0347623 secs]
178.794: [GC (Allocation Failure)  1317932K->1250681K(1653248K), 0.0265840 secs]
178.821: [Full GC (Ergonomics)  1250681K->524429K(1569792K), 0.2145154 secs]
